The PostScript backend does not support transparency; partially transparent artists will be rendered opaque.

Loading village data ...
  Loaded 75 villages in 2.5s
Caching find_NN results (~5-10 min) ...
  Caching find_NN for knife (R1) ...
    done in 109.1s
  Caching find_NN for fork  (R2) ...
    done in 107.1s
  Caching find_NN for spoon (R3) ...
    done in 109.9s
Total caching time: 326.1s

Verifying seeds 1-10 against Tables 12-13 ...
  MISMATCH q=5 seed=1: kf got 1.000 expected 0.890; fs got 0.558 expected 0.560
  MISMATCH q=5 seed=2: kf got 1.000 expected 0.440; fs got 0.156 expected 0.160
  MISMATCH q=5 seed=6: kf got 1.000 expected 1.000; fs got 1.000 expected 0.880
  MISMATCH q=5 seed=7: kf got 0.517 expected 0.520; fs got 1.000 expected 0.920
  MISMATCH q=5 seed=8: kf got 0.534 expected 0.530; fs got 0.044 expected 0.020
  MISMATCH q=5 seed=9: kf got 1.000 expected 0.900; fs got 1.000 expected 1.000
  MISMATCH q=5 seed=10: kf got 1.000 expected 1.000; fs got 0.045 expected 0.030
  MISMATCH q=10 seed=1: kf got 1.000 expected 1.000; fs got 0.127 expected 0.120
  MISMATCH q=10 seed=2: kf got 0.627 expected 0.600; fs got 0.056 expected 0.060
  MISMATCH q=10 seed=3: kf got 0.479 expected 0.480; fs got 0.140 expected 0.150
  MISMATCH q=10 seed=5: kf got 0.613 expected 0.600; fs got 0.707 expected 0.700
  MISMATCH q=10 seed=6: kf got 0.353 expected 0.350; fs got 0.021 expected 0.020
  MISMATCH q=10 seed=7: kf got 0.095 expected 0.100; fs got 0.163 expected 0.100
  MISMATCH q=10 seed=8: kf got 1.000 expected 1.000; fs got 0.034 expected 0.030
  MISMATCH q=10 seed=9: kf got 0.692 expected 0.860; fs got 0.153 expected 0.090
  MISMATCH q=10 seed=10: kf got 0.438 expected 0.440; fs got 0.043 expected 0.020
  MISMATCH q=20 seed=1: kf got 0.468 expected 0.440; fs got 0.009 expected 0.010
  MISMATCH q=20 seed=2: kf got 1.000 expected 0.990; fs got 0.033 expected 0.030
  MISMATCH q=20 seed=3: kf got 1.000 expected 1.000; fs got 0.012 expected 0.010
  MISMATCH q=20 seed=4: kf got 0.303 expected 0.300; fs got 0.003 expected 0.000
  MISMATCH q=20 seed=5: kf got 0.873 expected 0.870; fs got 0.016 expected 0.020
  MISMATCH q=20 seed=6: kf got 0.006 expected 0.010; fs got 0.093 expected 0.090
  MISMATCH q=20 seed=7: kf got 0.388 expected 0.370; fs got 0.051 expected 0.040
  MISMATCH q=20 seed=8: kf got 0.813 expected 0.810; fs got 0.006 expected 0.010
  MISMATCH q=20 seed=9: kf got 0.859 expected 0.860; fs got 0.039 expected 0.030
  MISMATCH q=20 seed=10: kf got 0.304 expected 0.280; fs got 0.001 expected 0.000
  Verification FAILED — check implementation.

Running Monte Carlo: 1000 seeds × 3 q values × 2 comparisons (B=999) ...
  seed  100/1000  elapsed=8s  eta~74s
  seed  200/1000  elapsed=16s  eta~64s
  seed  300/1000  elapsed=24s  eta~55s
  seed  400/1000  elapsed=32s  eta~47s
  seed  500/1000  elapsed=39s  eta~39s
  seed  600/1000  elapsed=47s  eta~31s
  seed  700/1000  elapsed=54s  eta~23s
  seed  800/1000  elapsed=62s  eta~16s
  seed  900/1000  elapsed=70s  eta~8s
  seed 1000/1000  elapsed=77s  eta~0s
Monte Carlo done in 77.4s

========================================================================
EXTENSION 2: FULL MONTE CARLO OVER TIE-BREAKING SEEDS
Auerbach, Guo, Tabord-Meehan (2026) — Empirical Application
========================================================================

N_seeds = 1000, B = 999, q ∈ {5, 10, 20}
Verification (seeds 1-10 vs Tables 12-13): FAILED

────────────────────────────────────────────────────────────────────────
TEST 1: knife = fork  (H0: Y_α =_d Y_β)
────────────────────────────────────────────────────────────────────────

  q        Headline     Mean      Std      Min     Pct5   Median    Pct95      Max     Rej(0.05)     Rej(0.10)
  ----------------------------------------------------------------------------------------------------
  5           1.000    0.946    0.151    0.404    0.467    1.000    1.000    1.000    0/1000 ( 0.0%)    0/1000 ( 0.0%)
  10          1.000    0.783    0.260    0.033    0.262    1.000    1.000    1.000    1/1000 ( 0.1%)    4/1000 ( 0.4%)
  20          0.152    0.632    0.285    0.006    0.127    0.651    1.000    1.000   11/1000 ( 1.1%)   32/1000 ( 3.2%)

  Paper's 10-seed values (from Tables 12/13):
    q= 5: rej(α=0.05) = 0/10 (paper)  vs 0/1000 (0.0%) (this extension)
    q=10: rej(α=0.05) = 0/10 (paper)  vs 1/1000 (0.1%) (this extension)
    q=20: rej(α=0.05) = 1/10 (paper)  vs 11/1000 (1.1%) (this extension)

────────────────────────────────────────────────────────────────────────
TEST 2: fork  = spoon (H0: Y_β =_d Y_γ)
────────────────────────────────────────────────────────────────────────

  q        Headline     Mean      Std      Min     Pct5   Median    Pct95      Max     Rej(0.05)     Rej(0.10)
  ----------------------------------------------------------------------------------------------------
  5           0.062    0.484    0.351    0.005    0.045    0.448    1.000    1.000   75/1000 ( 7.5%)  154/1000 (15.4%)
  10          0.007    0.183    0.224    0.001    0.005    0.098    0.635    1.000  337/1000 (33.7%)  506/1000 (50.6%)
  20          0.074    0.047    0.096    0.001    0.001    0.014    0.190    1.000  764/1000 (76.4%)  871/1000 (87.1%)

  Paper's 10-seed values (from Tables 12/13):
    q= 5: rej(α=0.05) = 2/10 (paper)  vs 75/1000 (7.5%) (this extension)
    q=10: rej(α=0.05) = 4/10 (paper)  vs 337/1000 (33.7%) (this extension)
    q=20: rej(α=0.05) = 9/10 (paper)  vs 764/1000 (76.4%) (this extension)

────────────────────────────────────────────────────────────────────────
SUMMARY OF KEY FINDINGS
────────────────────────────────────────────────────────────────────────

  fork=spoon, q=10  [paper headline p = 0.007]:
    Rejection rate (α=0.05) over 1000 seeds: 337/1000 = 33.7%
    Headline p-value 0.007 is at the 6.1th percentile of the MC distribution.
    Interpretation: if tie-breaking were chosen randomly, the test
    would reject at α=0.05 only 33.7% of the time — far below nominal α.

  fork=spoon, q=20  [paper headline p = 0.074]:
    Rejection rate (α=0.05): 764/1000 = 76.4%
    Note: degree-based ranking gives p=0.074 (not significant),
    while random tie-breaking rejects 76.4% of the time.

  knife=fork across all q: rejection rates at α=0.05 —
    q= 5: 0/1000 = 0.0%
    q=10: 1/1000 = 0.1%
    q=20: 11/1000 = 1.1%

========================================================================

Table saved: /Users/heimanleung/Desktop/Econ481/project-business-decisions-h1eung/replication/my_replication_outputs/extension_montecarlo_tiebreaking.txt
Plot  saved: /Users/heimanleung/Desktop/Econ481/project-business-decisions-h1eung/replication/my_replication_outputs/extension_montecarlo_tiebreaking.eps

Done.

